[{"stream_name":"stdout","time":3.470022847,"data":"\n"}
,{"stream_name":"stdout","time":3.470105478,"data":"[CONFIG] Effective Configuration Loaded: {\n"}
,{"stream_name":"stdout","time":3.4701113980000002,"data":"  \"mode\": \"paper_tables_3_and_4\",\n"}
,{"stream_name":"stdout","time":3.470114618,"data":"  \"protocol_type\": \"paper_protocol\",\n"}
,{"stream_name":"stdout","time":3.470117038,"data":"  \"solver_backend\": \"highs\",\n"}
,{"stream_name":"stdout","time":3.470124878,"data":"  \"threads\": 8,\n"}
,{"stream_name":"stdout","time":3.470126948,"data":"  \"mip_emphasis\": 5,\n"}
,{"stream_name":"stdout","time":3.470128968,"data":"  \"sizes\": [\n"}
,{"stream_name":"stdout","time":3.470131148,"data":"    6,\n"}
,{"stream_name":"stdout","time":3.470133208,"data":"    10\n"}
,{"stream_name":"stdout","time":3.470135178,"data":"  ],\n"}
,{"stream_name":"stdout","time":3.470137188,"data":"  \"seeds\": [\n"}
,{"stream_name":"stdout","time":3.470139228,"data":"    1,\n"}
,{"stream_name":"stdout","time":3.470141198,"data":"    2\n"}
,{"stream_name":"stdout","time":3.470143108,"data":"  ],\n"}
,{"stream_name":"stdout","time":3.470146718,"data":"  \"total_time\": 120.0,\n"}
,{"stream_name":"stdout","time":3.470150448,"data":"  \"mip_time\": 10.0,\n"}
,{"stream_name":"stdout","time":3.470154098,"data":"  \"age_limit\": 2,\n"}
,{"stream_name":"stdout","time":3.470157837,"data":"  \"max_instances\": 6,\n"}
,{"stream_name":"stdout","time":3.470161417,"data":"  \"exact_time_limit\": 60.0,\n"}
,{"stream_name":"stdout","time":3.470165388,"data":"  \"instances_per_setting\": 3,\n"}
,{"stream_name":"stdout","time":3.470169197,"data":"  \"table3_sizes\": [\n"}
,{"stream_name":"stdout","time":3.470172677,"data":"    20,\n"}
,{"stream_name":"stdout","time":3.470176077,"data":"    30,\n"}
,{"stream_name":"stdout","time":3.470179697,"data":"    40,\n"}
,{"stream_name":"stdout","time":3.470183408,"data":"    50\n"}
,{"stream_name":"stdout","time":3.470186928,"data":"  ],\n"}
,{"stream_name":"stdout","time":3.470190437,"data":"  \"table3_seeds\": [\n"}
,{"stream_name":"stdout","time":3.470194077,"data":"    1,\n"}
,{"stream_name":"stdout","time":3.470197608,"data":"    2,\n"}
,{"stream_name":"stdout","time":3.470201177,"data":"    3,\n"}
,{"stream_name":"stdout","time":3.470204668,"data":"    4,\n"}
,{"stream_name":"stdout","time":3.470208208,"data":"    5,\n"}
,{"stream_name":"stdout","time":3.470211688,"data":"    6,\n"}
,{"stream_name":"stdout","time":3.470215108,"data":"    7,\n"}
,{"stream_name":"stdout","time":3.470218518,"data":"    8,\n"}
,{"stream_name":"stdout","time":3.470222068,"data":"    9,\n"}
,{"stream_name":"stdout","time":3.4702254679999998,"data":"    10\n"}
,{"stream_name":"stdout","time":3.470228518,"data":"  ],\n"}
,{"stream_name":"stdout","time":3.470231348,"data":"  \"table4_age_limits\": [\n"}
,{"stream_name":"stdout","time":3.470233448,"data":"    2,\n"}
,{"stream_name":"stdout","time":3.470235368,"data":"    5\n"}
,{"stream_name":"stdout","time":3.470237288,"data":"  ],\n"}
,{"stream_name":"stdout","time":3.470239218,"data":"  \"table1_time_limit\": 3600.0,\n"}
,{"stream_name":"stdout","time":3.470241278,"data":"  \"table2_time_limit\": 3600.0,\n"}
,{"stream_name":"stdout","time":3.470244348,"data":"  \"table3_exact_time_limit\": 60.0,\n"}
,{"stream_name":"stdout","time":3.470248038,"data":"  \"table3_cmsa_time_limit\": 120.0,\n"}
,{"stream_name":"stdout","time":3.470251658,"data":"  \"table3_restricted_mip_time_limit\": 10.0,\n"}
,{"stream_name":"stdout","time":3.470266638,"data":"  \"table4_restricted_mip_time_limit\": 8.0,\n"}
,{"stream_name":"stdout","time":3.470270568,"data":"  \"table4_total_time_limit\": 45.0,\n"}
,{"stream_name":"stdout","time":3.470274318,"data":"  \"resume\": true,\n"}
,{"stream_name":"stdout","time":3.470277978,"data":"  \"schema_version\": \"1.0.0\",\n"}
,{"stream_name":"stdout","time":3.470281788,"data":"  \"protocol_label\": \"smoke_120s\",\n"}
,{"stream_name":"stdout","time":3.470285648,"data":"  \"effective_config_hash\": \"21d46bf337fed320\"\n"}
,{"stream_name":"stdout","time":3.470289468,"data":"}\n"}
,{"stream_name":"stdout","time":3.474187908,"data":"Running mode: paper_tables_3_and_4 with settings: {'mode': 'paper_tables_3_and_4', 'protocol_type': 'paper_protocol', 'solver_backend': 'highs', 'threads': 8, 'mip_emphasis': 5, 'sizes': [6, 10], 'seeds': [1, 2], 'total_time': 120.0, 'mip_time': 10.0, 'age_limit': 2, 'max_instances': 6, 'exact_time_limit': 60.0, 'instances_per_setting': 3, 'table3_sizes': [20, 30, 40, 50], 'table3_seeds': [1, 2, 3, 4, 5, 6, 7, 8, 9, 10], 'table4_age_limits': [2, 5], 'table1_time_limit': 3600.0, 'table2_time_limit': 3600.0, 'table3_exact_time_limit': 60.0, 'table3_cmsa_time_limit': 120.0, 'table3_restricted_mip_time_limit': 10.0, 'table4_restricted_mip_time_limit': 8.0, 'table4_total_time_limit': 45.0, 'resume': True, 'schema_version': '1.0.0', 'protocol_label': 'smoke_120s', 'effective_config_hash': '21d46bf337fed320'}\n"}
,{"stream_name":"stdout","time":3.474232518,"data":"\n"}
,{"stream_name":"stdout","time":3.474237318,"data":"==========================================================================\n"}
,{"stream_name":"stdout","time":3.474240708,"data":"REPRODUCING PAPER TABLE 3: Comparison of Exact and CMSA on New Instances\n"}
,{"stream_name":"stdout","time":3.474243778,"data":"==========================================================================\n"}
,{"stream_name":"stdout","time":3.474246648,"data":"\n"}
,{"stream_name":"stdout","time":3.474249748,"data":"Evaluating n=20 across 10 seeds...\n"}
,{"stream_name":"stdout","time":185.871366626,"data":"  n=20 seed=1: Exact=None (status=TIME_LIMIT, 62.1s) | CMSA=333.3897048945947 (120.0s) | Gap=None\n"}
,{"stream_name":"stdout","time":367.953698218,"data":"  n=20 seed=2: Exact=None (status=TIME_LIMIT, 61.8s) | CMSA=314.4789501591195 (120.0s) | Gap=None\n"}
,{"stream_name":"stdout","time":550.26790241,"data":"  n=20 seed=3: Exact=None (status=TIME_LIMIT, 62.0s) | CMSA=306.65586853591026 (120.1s) | Gap=None\n"}
,{"stream_name":"stdout","time":732.636486662,"data":"  n=20 seed=4: Exact=None (status=TIME_LIMIT, 62.0s) | CMSA=287.17675565444915 (120.1s) | Gap=None\n"}
,{"stream_name":"stdout","time":914.932373063,"data":"  n=20 seed=5: Exact=None (status=TIME_LIMIT, 62.0s) | CMSA=344.1943055068761 (120.0s) | Gap=None\n"}
,{"stream_name":"stdout","time":1097.412520176,"data":"  n=20 seed=6: Exact=None (status=TIME_LIMIT, 62.1s) | CMSA=352.0660868407846 (120.1s) | Gap=None\n"}
,{"stream_name":"stdout","time":1279.714374145,"data":"  n=20 seed=7: Exact=None (status=TIME_LIMIT, 61.9s) | CMSA=349.5245109204103 (120.1s) | Gap=None\n"}
,{"stream_name":"stdout","time":1462.025762408,"data":"  n=20 seed=8: Exact=None (status=TIME_LIMIT, 61.9s) | CMSA=288.16576618220535 (120.1s) | Gap=None\n"}
,{"stream_name":"stdout","time":1644.335421764,"data":"  n=20 seed=9: Exact=None (status=TIME_LIMIT, 61.9s) | CMSA=385.6616901248727 (120.1s) | Gap=None\n"}
,{"stream_name":"stdout","time":1826.619766107,"data":"  n=20 seed=10: Exact=None (status=TIME_LIMIT, 62.0s) | CMSA=317.132527342573 (120.1s) | Gap=None\n"}
,{"stream_name":"stdout","time":1826.625454997,"data":"\n"}
,{"stream_name":"stdout","time":1826.625493588,"data":"Evaluating n=30 across 10 seeds...\n"}
,{"stream_name":"stdout","time":2014.122599827,"data":"  n=30 seed=1: Exact=None (status=TIME_LIMIT, 67.1s) | CMSA=405.05906980014316 (120.1s) | Gap=None\n"}
,{"stream_name":"stdout","time":2201.370643848,"data":"  n=30 seed=2: Exact=None (status=TIME_LIMIT, 66.8s) | CMSA=405.9789438357474 (120.1s) | Gap=None\n"}
,{"stream_name":"stdout","time":2388.538935146,"data":"  n=30 seed=3: Exact=None (status=TIME_LIMIT, 66.7s) | CMSA=406.03567425232364 (120.2s) | Gap=None\n"}
,{"stream_name":"stdout","time":2576.00609813,"data":"  n=30 seed=4: Exact=None (status=TIME_LIMIT, 67.0s) | CMSA=399.082320870847 (120.1s) | Gap=None\n"}
,{"stream_name":"stdout","time":2764.06486159,"data":"  n=30 seed=5: Exact=None (status=TIME_LIMIT, 67.7s) | CMSA=428.0554135478286 (120.1s) | Gap=None\n"}
,{"stream_name":"stdout","time":2951.472855659,"data":"  n=30 seed=6: Exact=None (status=TIME_LIMIT, 66.8s) | CMSA=427.4967184335799 (120.3s) | Gap=None\n"}
,{"stream_name":"stdout","time":3139.007182493,"data":"  n=30 seed=7: Exact=None (status=TIME_LIMIT, 66.9s) | CMSA=432.2774546357606 (120.3s) | Gap=None\n"}
,{"stream_name":"stdout","time":3326.466763872,"data":"  n=30 seed=8: Exact=None (status=TIME_LIMIT, 67.1s) | CMSA=364.348572409815 (120.1s) | Gap=None\n"}
,{"stream_name":"stdout","time":3514.216236168,"data":"  n=30 seed=9: Exact=None (status=TIME_LIMIT, 67.0s) | CMSA=579.3706173339349 (120.4s) | Gap=None\n"}
,{"stream_name":"stdout","time":3701.716454052,"data":"  n=30 seed=10: Exact=None (status=TIME_LIMIT, 67.1s) | CMSA=377.75637019714463 (120.1s) | Gap=None\n"}
,{"stream_name":"stdout","time":3701.722176771,"data":"\n"}
,{"stream_name":"stdout","time":3701.722211771,"data":"Evaluating n=40 across 10 seeds...\n"}
,{"stream_name":"stdout","time":3822.063990881,"data":"  n=40 seed=1: Exact=None (status=NOT_RUN, 0.0s) | CMSA=466.138136247518 (120.0s) | Gap=None\n"}
,{"stream_name":"stdout","time":3942.545671276,"data":"  n=40 seed=2: Exact=None (status=NOT_RUN, 0.0s) | CMSA=494.34300384077983 (120.2s) | Gap=None\n"}
,{"stream_name":"stdout","time":4062.880636736,"data":"  n=40 seed=3: Exact=None (status=NOT_RUN, 0.0s) | CMSA=514.8782017536121 (120.0s) | Gap=None\n"}
,{"stream_name":"stdout","time":4183.258243214,"data":"  n=40 seed=4: Exact=None (status=NOT_RUN, 0.0s) | CMSA=538.384511481756 (120.0s) | Gap=None\n"}
,{"stream_name":"stdout","time":4303.618462469,"data":"  n=40 seed=5: Exact=None (status=NOT_RUN, 0.0s) | CMSA=491.1048408370398 (120.0s) | Gap=None\n"}
,{"stream_name":"stdout","time":4424.655820392,"data":"  n=40 seed=6: Exact=None (status=NOT_RUN, 0.0s) | CMSA=529.4254269533689 (120.4s) | Gap=None\n"}
,{"stream_name":"stdout","time":4545.44656837,"data":"  n=40 seed=7: Exact=None (status=NOT_RUN, 0.0s) | CMSA=507.2191375659275 (120.3s) | Gap=None\n"}
,{"stream_name":"stdout","time":4669.234712747,"data":"  n=40 seed=8: Exact=None (status=NOT_RUN, 0.0s) | CMSA=479.6064647499878 (123.4s) | Gap=None\n"}
,{"stream_name":"stdout","time":4790.011282917,"data":"  n=40 seed=9: Exact=None (status=NOT_RUN, 0.0s) | CMSA=514.7292099477751 (120.3s) | Gap=None\n"}
,{"stream_name":"stdout","time":4911.131673663,"data":"  n=40 seed=10: Exact=None (status=NOT_RUN, 0.0s) | CMSA=445.7947262867892 (120.6s) | Gap=None\n"}
,{"stream_name":"stdout","time":4911.143500412,"data":"\n"}
,{"stream_name":"stdout","time":4911.143561542,"data":"Evaluating n=50 across 10 seeds...\n"}
,{"stream_name":"stdout","time":5031.974951647,"data":"  n=50 seed=1: Exact=None (status=NOT_RUN, 0.0s) | CMSA=615.7838839520311 (120.4s) | Gap=None\n"}
,{"stream_name":"stdout","time":5153.197635365,"data":"  n=50 seed=2: Exact=None (status=NOT_RUN, 0.0s) | CMSA=781.2541359930648 (120.9s) | Gap=None\n"}
,{"stream_name":"stdout","time":5273.589645878,"data":"  n=50 seed=3: Exact=None (status=NOT_RUN, 0.0s) | CMSA=541.4574712051963 (120.0s) | Gap=None\n"}
,{"stream_name":"stdout","time":5393.980271659,"data":"  n=50 seed=4: Exact=None (status=NOT_RUN, 0.0s) | CMSA=611.3895447134153 (120.0s) | Gap=None\n"}
,{"stream_name":"stdout","time":5517.244310937,"data":"  n=50 seed=5: Exact=None (status=NOT_RUN, 0.0s) | CMSA=542.5718405217497 (122.9s) | Gap=None\n"}
,{"stream_name":"stdout","time":5637.694258253,"data":"  n=50 seed=6: Exact=None (status=NOT_RUN, 0.0s) | CMSA=698.854798644549 (120.1s) | Gap=None\n"}
,{"stream_name":"stdout","time":5758.22648047,"data":"  n=50 seed=7: Exact=None (status=NOT_RUN, 0.0s) | CMSA=572.9062357318203 (120.2s) | Gap=None\n"}
,{"stream_name":"stdout","time":5878.634709686,"data":"  n=50 seed=8: Exact=None (status=NOT_RUN, 0.0s) | CMSA=518.7954018067354 (120.0s) | Gap=None\n"}
,{"stream_name":"stdout","time":5999.043702612,"data":"  n=50 seed=9: Exact=None (status=NOT_RUN, 0.0s) | CMSA=644.8440680260292 (120.0s) | Gap=None\n"}
,{"stream_name":"stdout","time":6119.457932698,"data":"  n=50 seed=10: Exact=None (status=NOT_RUN, 0.0s) | CMSA=694.0633258755038 (120.0s) | Gap=None\n"}
,{"stream_name":"stdout","time":6119.466821438,"data":"\n"}
,{"stream_name":"stdout","time":6119.466852728,"data":"======================================================\n"}
,{"stream_name":"stdout","time":6119.466859828,"data":"TABLE 3 REPRODUCTION AUDIT SUMMARY\n"}
,{"stream_name":"stdout","time":6119.466865258,"data":"Completed: 40/40\n"}
,{"stream_name":"stdout","time":6119.466870818,"data":"Missing: 0\n"}
,{"stream_name":"stdout","time":6119.466891878,"data":"Protocol status: COMPLETE\n"}
,{"stream_name":"stdout","time":6119.466898898,"data":"======================================================\n"}
,{"stream_name":"stdout","time":6119.466904108,"data":"\n"}
,{"stream_name":"stdout","time":6119.470720668,"data":"\n"}
,{"stream_name":"stdout","time":6119.470740588,"data":"--- Table 3 Reproduction Summary (Comparison with Paper) ---\n"}
,{"stream_name":"stdout","time":6119.484112408,"data":" n   Protocol Solver  Instances Tested  Exact Solved Our Exact Avg Obj Our CMSA Avg Obj Our Avg Improvement  Paper CPLEX Obj  Paper CSMA Obj Paper Improvement Protocol Status  Completed Instances  Missing Instances  Total Required\n"}
,{"stream_name":"stdout","time":6119.484153838,"data":"20 smoke_120s  highs                10             0                 -           327.84                   -           300.83          277.18            -7.86%        COMPLETE                   40                  0              40\n"}
,{"stream_name":"stdout","time":6119.484160578,"data":"30 smoke_120s  highs                10             0                 -           422.55                   -           619.49          353.42           -42.95%        COMPLETE                   40                  0              40\n"}
,{"stream_name":"stdout","time":6119.484166328,"data":"40 smoke_120s  highs                10             0                 -           498.16                   -              NaN          422.87                 -        COMPLETE                   40                  0              40\n"}
,{"stream_name":"stdout","time":6119.484171598,"data":"50 smoke_120s  highs                10             0                 -           622.19                   -              NaN          503.86                 -        COMPLETE                   40                  0              40\n"}
,{"stream_name":"stdout","time":6119.484176618,"data":"\n"}
,{"stream_name":"stdout","time":6119.484181388,"data":"==========================================================================\n"}
,{"stream_name":"stdout","time":6119.484186238,"data":"REPRODUCING PAPER TABLE 4: Model Statistics for age=2 vs age=5\n"}
,{"stream_name":"stdout","time":6119.484209968,"data":"==========================================================================\n"}
,{"stream_name":"stdout","time":6119.484226328,"data":"\n"}
,{"stream_name":"stdout","time":6119.484230318,"data":"Profiling model size for n=20...\n"}
,{"stream_name":"stdout","time":6300.913155612,"data":"\n"}
,{"stream_name":"stdout","time":6300.913212663,"data":"Profiling model size for n=30...\n"}
,{"stream_name":"stdout","time":6482.800339707,"data":"\n"}
,{"stream_name":"stdout","time":6482.800389747,"data":"Profiling model size for n=40...\n"}
,{"stream_name":"stdout","time":6665.250268474,"data":"\n"}
,{"stream_name":"stdout","time":6665.250309454,"data":"Profiling model size for n=50...\n"}
,{"stream_name":"stdout","time":6853.206858181,"data":"\n"}
,{"stream_name":"stdout","time":6853.206928061,"data":"--- Table 4 Reproduction Summary ---\n"}
,{"stream_name":"stdout","time":6853.20925445,"data":" n Solver                                        Measurement Convention Our age=2 Ave.#Cons Our age=2 Ave.#Var Our age=2 Ave.#Coef Paper age=2 Cons/Var/Coef Our age=5 Ave.#Cons Our age=5 Ave.#Var Our age=5 Ave.#Coef Paper age=5 Cons/Var/Coef\n"}
,{"stream_name":"stdout","time":6853.209275501,"data":"20  highs Pre-presolve active subproblem mean across iterations (HiGHS)               79799               1463              178397          (808, 178, 3312)               79052               1457              178680       (8814, 1378, 46627)\n"}
,{"stream_name":"stdout","time":6853.20928201,"data":"30  highs Pre-presolve active subproblem mean across iterations (HiGHS)              184593               2268              400238        (3263, 796, 19304)              184593               2268              400238     (18216, 2954, 122796)\n"}
,{"stream_name":"stdout","time":6853.20928713,"data":"40  highs Pre-presolve active subproblem mean across iterations (HiGHS)                   -                  -                   -     (12686, 2928, 110669)                   -                  -                   -     (30012, 5036, 246644)\n"}
,{"stream_name":"stdout","time":6853.209292041,"data":"50  highs Pre-presolve active subproblem mean across iterations (HiGHS)                   0                  0                   0     (14638, 3425, 153145)                   0                  0                   0     (48327, 7971, 467232)\n"}
,{"stream_name":"stdout","time":6853.213973071,"data":"\n"}
,{"stream_name":"stdout","time":6853.21400104,"data":"All outputs successfully written to /kaggle/working\n"}
,{"stream_name":"stderr","time":6856.005447928,"data":"/usr/local/lib/python3.12/dist-packages/mistune.py:435: SyntaxWarning: invalid escape sequence '\\|'\n"}
,{"stream_name":"stderr","time":6856.005679467,"data":"  cells[i][c] = re.sub('\\\\\\\\\\|', '|', cell)\n"}
,{"stream_name":"stderr","time":6856.329258851,"data":"/usr/local/lib/python3.12/dist-packages/nbconvert/filters/filter_links.py:36: SyntaxWarning: invalid escape sequence '\\_'\n"}
,{"stream_name":"stderr","time":6856.329290041,"data":"  text = re.sub(r'_', '\\_', text) # Escape underscores in display text\n"}
,{"stream_name":"stderr","time":6857.736781635,"data":"[NbConvertApp] Converting notebook __script__.ipynb to html\n"}
,{"stream_name":"stderr","time":6859.260689005,"data":"[NbConvertApp] Writing 610286 bytes to __results__.html\n"}
]