[{"stream_name":"stdout","time":3.461515827,"data":"Running mode: paper_table3 with settings: {'mode': 'paper_table3', 'sizes': [6, 10], 'seeds': [1, 2], 'total_time': 1800.0, 'mip_time': 15.0, 'age_limit': 2, 'max_instances': 6, 'exact_time_limit': 0.0, 'instances_per_setting': 3, 'table3_sizes': [20, 30, 40, 50], 'table3_seeds': [1, 2, 3], 'resume': True}\n"}
,{"stream_name":"stdout","time":3.461584691,"data":"\n"}
,{"stream_name":"stdout","time":3.46159017,"data":"==========================================================================\n"}
,{"stream_name":"stdout","time":3.461593578,"data":"REPRODUCING PAPER TABLE 3: Comparison of Exact and CMSA on New Instances\n"}
,{"stream_name":"stdout","time":3.461596734,"data":"==========================================================================\n"}
,{"stream_name":"stdout","time":3.461599804,"data":"\n"}
,{"stream_name":"stdout","time":3.461602722,"data":"Evaluating n=20 across 3 seeds...\n"}
,{"stream_name":"stdout","time":1810.13406208,"data":"  n=20 seed=1: Exact=None (0.0s) | CMSA=297.2848772364371 (1800.2s) | Gap=None\n"}
,{"stream_name":"stdout","time":3613.503494286,"data":"  n=20 seed=2: Exact=None (0.0s) | CMSA=298.7471052782818 (1800.2s) | Gap=None\n"}
,{"stream_name":"stdout","time":5417.096742848,"data":"  n=20 seed=3: Exact=None (0.0s) | CMSA=291.70903962421175 (1800.2s) | Gap=None\n"}
,{"stream_name":"stdout","time":5417.101024707,"data":"\n"}
,{"stream_name":"stdout","time":5417.101051661,"data":"Evaluating n=30 across 3 seeds...\n"}
,{"stream_name":"stdout","time":7221.418636952,"data":"  n=30 seed=1: Exact=None (0.0s) | CMSA=378.59792714487753 (1800.6s) | Gap=None\n"}
,{"stream_name":"stdout","time":9025.793008875,"data":"  n=30 seed=2: Exact=None (0.0s) | CMSA=352.6273608972412 (1800.8s) | Gap=None\n"}
,{"stream_name":"stdout","time":10831.103591719,"data":"  n=30 seed=3: Exact=None (0.0s) | CMSA=372.94108318171055 (1802.3s) | Gap=None\n"}
,{"stream_name":"stdout","time":10831.10798018,"data":"\n"}
,{"stream_name":"stdout","time":10831.108003411,"data":"Evaluating n=40 across 3 seeds...\n"}
,{"stream_name":"stdout","time":12636.24413542,"data":"  n=40 seed=1: Exact=None (0.0s) | CMSA=438.32694747293533 (1800.7s) | Gap=None\n"}
,{"stream_name":"stdout","time":14447.237898114,"data":"  n=40 seed=2: Exact=None (0.0s) | CMSA=479.31433995408617 (1807.4s) | Gap=None\n"}
,{"stream_name":"stdout","time":16256.245825486,"data":"  n=40 seed=3: Exact=None (0.0s) | CMSA=443.47164090337134 (1805.0s) | Gap=None\n"}
,{"stream_name":"stdout","time":16256.250439239,"data":"\n"}
,{"stream_name":"stdout","time":16256.250485256,"data":"Evaluating n=50 across 3 seeds...\n"}
,{"stream_name":"stdout","time":18079.927712788,"data":"  n=50 seed=1: Exact=None (0.0s) | CMSA=529.6742757971778 (1820.3s) | Gap=None\n"}
,{"stream_name":"stdout","time":19922.758905503,"data":"  n=50 seed=2: Exact=None (0.0s) | CMSA=576.4987144949259 (1839.8s) | Gap=None\n"}
,{"stream_name":"stdout","time":21726.799740685,"data":"  n=50 seed=3: Exact=None (0.0s) | CMSA=521.079362058789 (1800.5s) | Gap=None\n"}
,{"stream_name":"stdout","time":21726.806653441,"data":"\n"}
,{"stream_name":"stdout","time":21726.806677658,"data":"--- Table 3 Reproduction Summary (Comparison with Paper) ---\n"}
,{"stream_name":"stdout","time":21726.855847583,"data":" n Avg. Exact Obj (Our) Avg. CMSA Obj (Our) Avg. Improvement (Our)  Paper CPLEX Obj  Paper CSMA Obj Paper Improvement\n"}
,{"stream_name":"stdout","time":21726.855881729,"data":"20                    -              295.91                      -           300.83          277.18            -7.86%\n"}
,{"stream_name":"stdout","time":21726.855888652,"data":"30                    -              368.06                      -           619.49          353.42           -42.95%\n"}
,{"stream_name":"stdout","time":21726.855913404,"data":"40                    -              453.70                      -              NaN          422.87                 -\n"}
,{"stream_name":"stdout","time":21726.855917392,"data":"50                    -              542.42                      -              NaN          503.86                 -\n"}
,{"stream_name":"stdout","time":21726.859829093,"data":"\n"}
,{"stream_name":"stdout","time":21726.859844698,"data":"All outputs successfully written to /kaggle/working\n"}
,{"stream_name":"stderr","time":21730.440409413,"data":"/usr/local/lib/python3.12/dist-packages/mistune.py:435: SyntaxWarning: invalid escape sequence '\\|'\n"}
,{"stream_name":"stderr","time":21730.440487454,"data":"  cells[i][c] = re.sub('\\\\\\\\\\|', '|', cell)\n"}
,{"stream_name":"stderr","time":21730.78615384,"data":"/usr/local/lib/python3.12/dist-packages/nbconvert/filters/filter_links.py:36: SyntaxWarning: invalid escape sequence '\\_'\n"}
,{"stream_name":"stderr","time":21730.786184041,"data":"  text = re.sub(r'_', '\\_', text) # Escape underscores in display text\n"}
,{"stream_name":"stderr","time":21732.403935643,"data":"[NbConvertApp] Converting notebook __script__.ipynb to html\n"}
,{"stream_name":"stderr","time":21734.001763161,"data":"[NbConvertApp] Writing 447941 bytes to __results__.html\n"}
]